Archive member included because of file (symbol)

d:/freescale/kds_3.0.0/toolchain/bin/../lib/gcc/arm-none-eabi/4.8.4/armv6-m\libgcc.a(_udivsi3.o)
                              ./Sources/Events.o (__aeabi_uidiv)
d:/freescale/kds_3.0.0/toolchain/bin/../lib/gcc/arm-none-eabi/4.8.4/armv6-m\libgcc.a(_dvmd_tls.o)
                              d:/freescale/kds_3.0.0/toolchain/bin/../lib/gcc/arm-none-eabi/4.8.4/armv6-m\libgcc.a(_udivsi3.o) (__aeabi_idiv0)
d:/freescale/kds_3.0.0/toolchain/bin/../lib/gcc/arm-none-eabi/4.8.4/armv6-m\libgcc.a(_arm_cmpsf2.o)
                              ./Sources/Planner.o (__aeabi_fcmplt)
d:/freescale/kds_3.0.0/toolchain/bin/../lib/gcc/arm-none-eabi/4.8.4/armv6-m\libgcc.a(_fixunssfsi.o)
                              ./Sources/Planner.o (__aeabi_f2uiz)
d:/freescale/kds_3.0.0/toolchain/bin/../lib/gcc/arm-none-eabi/4.8.4/armv6-m\libgcc.a(eqsf2.o)
                              d:/freescale/kds_3.0.0/toolchain/bin/../lib/gcc/arm-none-eabi/4.8.4/armv6-m\libgcc.a(_arm_cmpsf2.o) (__eqsf2)
d:/freescale/kds_3.0.0/toolchain/bin/../lib/gcc/arm-none-eabi/4.8.4/armv6-m\libgcc.a(gesf2.o)
                              d:/freescale/kds_3.0.0/toolchain/bin/../lib/gcc/arm-none-eabi/4.8.4/armv6-m\libgcc.a(_arm_cmpsf2.o) (__gesf2)
d:/freescale/kds_3.0.0/toolchain/bin/../lib/gcc/arm-none-eabi/4.8.4/armv6-m\libgcc.a(lesf2.o)
                              d:/freescale/kds_3.0.0/toolchain/bin/../lib/gcc/arm-none-eabi/4.8.4/armv6-m\libgcc.a(_arm_cmpsf2.o) (__lesf2)
d:/freescale/kds_3.0.0/toolchain/bin/../lib/gcc/arm-none-eabi/4.8.4/armv6-m\libgcc.a(mulsf3.o)
                              ./Sources/Planner.o (__aeabi_fmul)
d:/freescale/kds_3.0.0/toolchain/bin/../lib/gcc/arm-none-eabi/4.8.4/armv6-m\libgcc.a(subsf3.o)
                              ./Sources/Planner.o (__aeabi_fsub)
d:/freescale/kds_3.0.0/toolchain/bin/../lib/gcc/arm-none-eabi/4.8.4/armv6-m\libgcc.a(fixsfsi.o)
                              ./Sources/Planner.o (__aeabi_f2iz)
d:/freescale/kds_3.0.0/toolchain/bin/../lib/gcc/arm-none-eabi/4.8.4/armv6-m\libgcc.a(floatsisf.o)
                              ./Sources/Planner.o (__aeabi_i2f)
d:/freescale/kds_3.0.0/toolchain/bin/../lib/gcc/arm-none-eabi/4.8.4/armv6-m\libgcc.a(_clzsi2.o)
                              d:/freescale/kds_3.0.0/toolchain/bin/../lib/gcc/arm-none-eabi/4.8.4/armv6-m\libgcc.a(mulsf3.o) (__clzsi2)
d:/freescale/kds_3.0.0/toolchain/bin/../lib/gcc/arm-none-eabi/4.8.4/../../../../arm-none-eabi/lib/armv6-m\libg_s.a(lib_a-exit.o)
                              d:/freescale/kds_3.0.0/toolchain/bin/../lib/gcc/arm-none-eabi/4.8.4/../../../../arm-none-eabi/lib/armv6-m/crt0.o (exit)
d:/freescale/kds_3.0.0/toolchain/bin/../lib/gcc/arm-none-eabi/4.8.4/../../../../arm-none-eabi/lib/armv6-m\libg_s.a(lib_a-impure.o)
                              d:/freescale/kds_3.0.0/toolchain/bin/../lib/gcc/arm-none-eabi/4.8.4/../../../../arm-none-eabi/lib/armv6-m\libg_s.a(lib_a-exit.o) (_global_impure_ptr)
d:/freescale/kds_3.0.0/toolchain/bin/../lib/gcc/arm-none-eabi/4.8.4/../../../../arm-none-eabi/lib/armv6-m\libg_s.a(lib_a-init.o)
                              d:/freescale/kds_3.0.0/toolchain/bin/../lib/gcc/arm-none-eabi/4.8.4/../../../../arm-none-eabi/lib/armv6-m/crt0.o (__libc_init_array)
d:/freescale/kds_3.0.0/toolchain/bin/../lib/gcc/arm-none-eabi/4.8.4/../../../../arm-none-eabi/lib/armv6-m\libg_s.a(lib_a-memcpy-stub.o)
                              ./Static_Code/System/CPU_Init.o (memcpy)
d:/freescale/kds_3.0.0/toolchain/bin/../lib/gcc/arm-none-eabi/4.8.4/../../../../arm-none-eabi/lib/armv6-m\libg_s.a(lib_a-memset.o)
                              d:/freescale/kds_3.0.0/toolchain/bin/../lib/gcc/arm-none-eabi/4.8.4/../../../../arm-none-eabi/lib/armv6-m/crt0.o (memset)
d:/freescale/kds_3.0.0/toolchain/bin/../lib/gcc/arm-none-eabi/4.8.4/../../../../arm-none-eabi/lib/armv6-m\libnosys.a(_exit.o)
                              d:/freescale/kds_3.0.0/toolchain/bin/../lib/gcc/arm-none-eabi/4.8.4/../../../../arm-none-eabi/lib/armv6-m\libg_s.a(lib_a-exit.o) (_exit)

Allocating common symbols
Common symbol       size              file

block_buffer_head   0x1               ./Sources/Events.o
position            0x10              ./Sources/Planner.o
block_buffer_tail   0x1               ./Sources/Events.o
current_block       0x4               ./Sources/Events.o
SR_reg              0x1               ./Static_Code/System/CPU_Init.o
block_buffer        0x68              ./Sources/Events.o

Discarded input sections

 .text          0x00000000        0x0 d:/freescale/kds_3.0.0/toolchain/bin/../lib/gcc/arm-none-eabi/4.8.4/armv6-m/crti.o
 .data          0x00000000        0x0 d:/freescale/kds_3.0.0/toolchain/bin/../lib/gcc/arm-none-eabi/4.8.4/armv6-m/crti.o
 .bss           0x00000000        0x0 d:/freescale/kds_3.0.0/toolchain/bin/../lib/gcc/arm-none-eabi/4.8.4/armv6-m/crti.o
 .data          0x00000000        0x4 d:/freescale/kds_3.0.0/toolchain/bin/../lib/gcc/arm-none-eabi/4.8.4/armv6-m/crtbegin.o
[...]
Memory Configuration

Name             Origin             Length             Attributes
m_interrupts     0x00000000         0x000000c0         xr
m_text           0x00000410         0x0001fbf0         xr
m_data           0x1ffff000         0x00004000         rw
m_cfmprotrom     0x00000400         0x00000010         xr
*default*        0x00000000         0xffffffff

Linker script and memory map

LOAD d:/freescale/kds_3.0.0/toolchain/bin/../lib/gcc/arm-none-eabi/4.8.4/armv6-m/crti.o
LOAD d:/freescale/kds_3.0.0/toolchain/bin/../lib/gcc/arm-none-eabi/4.8.4/armv6-m/crtbegin.o
LOAD d:/freescale/kds_3.0.0/toolchain/bin/../lib/gcc/arm-none-eabi/4.8.4/../../../../arm-none-eabi/lib/armv6-m/crt0.o
LOAD ./Static_Code/System/CPU_Init.o
LOAD ./Static_Code/System/Peripherals_Init.o
LOAD ./Static_Code/System/Vectors.o
LOAD ./Sources/Events.o
LOAD ./Sources/Planner.o
LOAD ./Sources/Scheduler.o
LOAD ./Sources/main.o
LOAD ./Project_Settings/Startup_Code/startup.o
LOAD ./Generated_Code/BitIoLdd1.o
LOAD ./Generated_Code/BitIoLdd10.o
LOAD ./Generated_Code/BitIoLdd11.o
LOAD ./Generated_Code/BitIoLdd12.o
LOAD ./Generated_Code/BitIoLdd13.o
LOAD ./Generated_Code/BitIoLdd2.o
LOAD ./Generated_Code/BitIoLdd3.o
LOAD ./Generated_Code/BitIoLdd4.o
LOAD ./Generated_Code/BitIoLdd5.o
LOAD ./Generated_Code/BitIoLdd6.o
LOAD ./Generated_Code/BitIoLdd7.o
LOAD ./Generated_Code/BitIoLdd8.o
LOAD ./Generated_Code/BitIoLdd9.o
LOAD ./Generated_Code/Cpu.o
LOAD ./Generated_Code/DA1.o
LOAD ./Generated_Code/E0_DIR.o
LOAD ./Generated_Code/E0_EN_INVERSE.o
LOAD ./Generated_Code/E0_STE.o
LOAD ./Generated_Code/PE_LDD.o
LOAD ./Generated_Code/Pins1.o
LOAD ./Generated_Code/RELAY.o
LOAD ./Generated_Code/ST_PULSE_TI.o
LOAD ./Generated_Code/TU1.o
LOAD ./Generated_Code/TimerIntLdd1.o
LOAD ./Generated_Code/X_DIR.o
LOAD ./Generated_Code/X_EN_INVERSE.o
LOAD ./Generated_Code/X_STE.o
LOAD ./Generated_Code/Y_DIR.o
LOAD ./Generated_Code/Y_EN_INVERSE.o
LOAD ./Generated_Code/Y_STE.o
LOAD ./Generated_Code/Z_DIR.o
LOAD ./Generated_Code/Z_EN_INVERSE.o
LOAD ./Generated_Code/Z_STE.o
LOAD d:/freescale/kds_3.0.0/toolchain/bin/../lib/gcc/arm-none-eabi/4.8.4/../../../../arm-none-eabi/lib/armv6-m\libstdc++_s.a
LOAD d:/freescale/kds_3.0.0/toolchain/bin/../lib/gcc/arm-none-eabi/4.8.4/../../../../arm-none-eabi/lib/armv6-m\libm.a
START GROUP
LOAD d:/freescale/kds_3.0.0/toolchain/bin/../lib/gcc/arm-none-eabi/4.8.4/armv6-m\libgcc.a
LOAD d:/freescale/kds_3.0.0/toolchain/bin/../lib/gcc/arm-none-eabi/4.8.4/../../../../arm-none-eabi/lib/armv6-m\libg_s.a
LOAD d:/freescale/kds_3.0.0/toolchain/bin/../lib/gcc/arm-none-eabi/4.8.4/../../../../arm-none-eabi/lib/armv6-m\libc_s.a
END GROUP
START GROUP
LOAD d:/freescale/kds_3.0.0/toolchain/bin/../lib/gcc/arm-none-eabi/4.8.4/armv6-m\libgcc.a
LOAD d:/freescale/kds_3.0.0/toolchain/bin/../lib/gcc/arm-none-eabi/4.8.4/../../../../arm-none-eabi/lib/armv6-m\libc_s.a
LOAD d:/freescale/kds_3.0.0/toolchain/bin/../lib/gcc/arm-none-eabi/4.8.4/../../../../arm-none-eabi/lib/armv6-m\libnosys.a
END GROUP
START GROUP
LOAD d:/freescale/kds_3.0.0/toolchain/bin/../lib/gcc/arm-none-eabi/4.8.4/armv6-m\libgcc.a
LOAD d:/freescale/kds_3.0.0/toolchain/bin/../lib/gcc/arm-none-eabi/4.8.4/../../../../arm-none-eabi/lib/armv6-m\libc_s.a
LOAD d:/freescale/kds_3.0.0/toolchain/bin/../lib/gcc/arm-none-eabi/4.8.4/../../../../arm-none-eabi/lib/armv6-m\libnosys.a
END GROUP
LOAD d:/freescale/kds_3.0.0/toolchain/bin/../lib/gcc/arm-none-eabi/4.8.4/armv6-m/crtend.o
LOAD d:/freescale/kds_3.0.0/toolchain/bin/../lib/gcc/arm-none-eabi/4.8.4/armv6-m/crtn.o
                0x20003000                _estack = 0x20003000
                0x20003000                __SP_INIT = _estack
                0x20003000                __stack = _estack
                0x00000000                __heap_size = 0x0
                0x00000400                __stack_size = 0x400

.interrupts     0x00000000       0xc0
                0x00000000                __vector_table = .
                0x00000000                . = ALIGN (0x4)
 *(.vectortable)
 .vectortable   0x00000000       0xc0 ./Static_Code/System/Vectors.o
                0x00000000                __vect_table
                0x000000c0                . = ALIGN (0x4)

.cfmprotect     0x00000400       0x10
                0x00000400                . = ALIGN (0x4)
 *(.cfmconfig)
 .cfmconfig     0x00000400       0x10 ./Static_Code/System/CPU_Init.o
                0x00000400                _cfm
                0x00000410                . = ALIGN (0x4)

.text           0x00000410     0x1aec
                0x00000410                . = ALIGN (0x4)
 *(.text)
 .text          0x00000410       0x60 d:/freescale/kds_3.0.0/toolchain/bin/../lib/gcc/arm-none-eabi/4.8.4/armv6-m/crtbegin.o
 .text          0x00000470       0x78 d:/freescale/kds_3.0.0/toolchain/bin/../lib/gcc/arm-none-eabi/4.8.4/../../../../arm-none-eabi/lib/armv6-m/crt0.o
                0x00000470                _start
                0x00000470                _mainCRTStartup
 .text          0x000004e8       0x9c d:/freescale/kds_3.0.0/toolchain/bin/../lib/gcc/arm-none-eabi/4.8.4/armv6-m\libgcc.a(_udivsi3.o)
                0x000004e8                __aeabi_uidiv
                0x000004e8                __udivsi3
                0x00000570                __aeabi_uidivmod
 .text          0x00000584        0x4 d:/freescale/kds_3.0.0/toolchain/bin/../lib/gcc/arm-none-eabi/4.8.4/armv6-m\libgcc.a(_dvmd_tls.o)
                0x00000584                __aeabi_idiv0
                0x00000584                __aeabi_ldiv0
 .text          0x00000588       0x74 d:/freescale/kds_3.0.0/toolchain/bin/../lib/gcc/arm-none-eabi/4.8.4/armv6-m\libgcc.a(_arm_cmpsf2.o)
                0x00000588                __aeabi_cfrcmple
                0x00000590                __aeabi_cfcmpeq
                0x00000590                __aeabi_cfcmple
                0x000005a0                __aeabi_fcmpeq
                0x000005ac                __aeabi_fcmplt
                0x000005c0                __aeabi_fcmple
                0x000005d4                __aeabi_fcmpgt
                0x000005e8                __aeabi_fcmpge
 .text          0x000005fc       0x30 d:/freescale/kds_3.0.0/toolchain/bin/../lib/gcc/arm-none-eabi/4.8.4/armv6-m\libgcc.a(_fixunssfsi.o)
                0x000005fc                __fixunssfsi
                0x000005fc                __aeabi_f2uiz
 .text          0x0000062c       0x54 d:/freescale/kds_3.0.0/toolchain/bin/../lib/gcc/arm-none-eabi/4.8.4/armv6-m\libgcc.a(eqsf2.o)
                0x0000062c                __eqsf2
                0x0000062c                __nesf2
 .text          0x00000680       0x90 d:/freescale/kds_3.0.0/toolchain/bin/../lib/gcc/arm-none-eabi/4.8.4/armv6-m\libgcc.a(gesf2.o)
                0x00000680                __gesf2
                0x00000680                __gtsf2
 .text          0x00000710       0x98 d:/freescale/kds_3.0.0/toolchain/bin/../lib/gcc/arm-none-eabi/4.8.4/armv6-m\libgcc.a(lesf2.o)
                0x00000710                __ltsf2
                0x00000710                __lesf2
 .text          0x000007a8      0x254 d:/freescale/kds_3.0.0/toolchain/bin/../lib/gcc/arm-none-eabi/4.8.4/armv6-m\libgcc.a(mulsf3.o)
                0x000007a8                __aeabi_fmul
 .text          0x000009fc      0x2ec d:/freescale/kds_3.0.0/toolchain/bin/../lib/gcc/arm-none-eabi/4.8.4/armv6-m\libgcc.a(subsf3.o)
                0x000009fc                __aeabi_fsub
 .text          0x00000ce8       0x40 d:/freescale/kds_3.0.0/toolchain/bin/../lib/gcc/arm-none-eabi/4.8.4/armv6-m\libgcc.a(fixsfsi.o)
                0x00000ce8                __aeabi_f2iz
 .text          0x00000d28       0xb8 d:/freescale/kds_3.0.0/toolchain/bin/../lib/gcc/arm-none-eabi/4.8.4/armv6-m\libgcc.a(floatsisf.o)
                0x00000d28                __aeabi_i2f
 .text          0x00000de0       0x3c d:/freescale/kds_3.0.0/toolchain/bin/../lib/gcc/arm-none-eabi/4.8.4/armv6-m\libgcc.a(_clzsi2.o)
                0x00000de0                __clzsi2
 *(.text*)
 .text.__init_hardware
                0x00000e1c       0x4c ./Static_Code/System/CPU_Init.o
                0x00000e1c                __init_hardware
 .text.PE_low_level_init
                0x00000e68       0x44 ./Static_Code/System/CPU_Init.o
                0x00000e68                PE_low_level_init
 .text.CPU_GetClockGenMode
                0x00000eac       0x6c ./Static_Code/System/CPU_Init.o
                0x00000eac                CPU_GetClockGenMode
 .text.CPU_SetClockConfigGenMode
                0x00000f18      0x280 ./Static_Code/System/CPU_Init.o
                0x00000f18                CPU_SetClockConfigGenMode
 .text.UnhandledInterrupt
                0x00001198        0xc ./Static_Code/System/Vectors.o
                0x00001198                UnhandledInterrupt
 .text.Cpu_OnNMI
                0x000011a4        0x8 ./Sources/Events.o
                0x000011a4                Cpu_OnNMI
 .text.ST_PULSE_TI_OnInterrupt
                0x000011ac      0x1d8 ./Sources/Events.o
                0x000011ac                ST_PULSE_TI_OnInterrupt
 .text.plan_buffer_line
                0x00001384       0xf4 ./Sources/Planner.o
                0x00001384                plan_buffer_line
 .text.setup    0x00001478       0x18 ./Sources/main.o
                0x00001478                setup
 .text.main     0x00001490       0x2c ./Sources/main.o
                0x00001490                main
 .text.__copy_rom_section
                0x000014bc       0xd8 ./Project_Settings/Startup_Code/startup.o
                0x000014bc                __copy_rom_section
 .text.__copy_rom_sections_to_ram
                0x00001594       0x98 ./Project_Settings/Startup_Code/startup.o
                0x00001594                __copy_rom_sections_to_ram
 .text.__init_registers
                0x0000162c        0x8 ./Project_Settings/Startup_Code/startup.o
                0x0000162c                __init_registers
 .text.__init_user
                0x00001634        0x8 ./Project_Settings/Startup_Code/startup.o
                0x00001634                __init_user
 .text.__thumb_startup
                0x0000163c       0x30 ./Project_Settings/Startup_Code/startup.o
                0x0000163c                __thumb_startup
 .text.BitIoLdd1_Init
                0x0000166c       0x48 ./Generated_Code/BitIoLdd1.o
                0x0000166c                BitIoLdd1_Init
 .text.BitIoLdd1_ClrVal
                0x000016b4       0x18 ./Generated_Code/BitIoLdd1.o
                0x000016b4                BitIoLdd1_ClrVal
 .text.BitIoLdd1_SetVal
                0x000016cc       0x18 ./Generated_Code/BitIoLdd1.o
                0x000016cc                BitIoLdd1_SetVal
 .text.BitIoLdd10_Init
                0x000016e4       0x4c ./Generated_Code/BitIoLdd10.o
                0x000016e4                BitIoLdd10_Init
 .text.BitIoLdd11_Init
                0x00001730       0x4c ./Generated_Code/BitIoLdd11.o
                0x00001730                BitIoLdd11_Init
 .text.BitIoLdd12_Init
                0x0000177c       0x48 ./Generated_Code/BitIoLdd12.o
                0x0000177c                BitIoLdd12_Init
 .text.BitIoLdd13_Init
                0x000017c4       0x4c ./Generated_Code/BitIoLdd13.o
                0x000017c4                BitIoLdd13_Init
 .text.BitIoLdd13_SetVal
                0x00001810       0x1c ./Generated_Code/BitIoLdd13.o
                0x00001810                BitIoLdd13_SetVal
 .text.BitIoLdd2_Init
                0x0000182c       0x48 ./Generated_Code/BitIoLdd2.o
                0x0000182c                BitIoLdd2_Init
 .text.BitIoLdd3_Init
                0x00001874       0x48 ./Generated_Code/BitIoLdd3.o
                0x00001874                BitIoLdd3_Init
 .text.BitIoLdd4_Init
                0x000018bc       0x4c ./Generated_Code/BitIoLdd4.o
                0x000018bc                BitIoLdd4_Init
 .text.BitIoLdd5_Init
                0x00001908       0x4c ./Generated_Code/BitIoLdd5.o
                0x00001908                BitIoLdd5_Init
 .text.BitIoLdd6_Init
                0x00001954       0x4c ./Generated_Code/BitIoLdd6.o
                0x00001954                BitIoLdd6_Init
 .text.BitIoLdd7_Init
                0x000019a0       0x4c ./Generated_Code/BitIoLdd7.o
                0x000019a0                BitIoLdd7_Init
 .text.BitIoLdd8_Init
                0x000019ec       0x4c ./Generated_Code/BitIoLdd8.o
                0x000019ec                BitIoLdd8_Init
 .text.BitIoLdd9_Init
                0x00001a38       0x4c ./Generated_Code/BitIoLdd9.o
                0x00001a38                BitIoLdd9_Init
 .text.Components_Init
                0x00001a84       0x5c ./Generated_Code/Cpu.o
                0x00001a84                Components_Init
 .text.Cpu_INT_NMIInterrupt
                0x00001ae0        0xc ./Generated_Code/Cpu.o
                0x00001ae0                Cpu_INT_NMIInterrupt
 .text.TimerIntLdd1_OnInterrupt
                0x00001aec       0x14 ./Generated_Code/ST_PULSE_TI.o
                0x00001aec                TimerIntLdd1_OnInterrupt
 .text.TU1_Init
                0x00001b00       0xfc ./Generated_Code/TU1.o
                0x00001b00                TU1_Init
 .text.TU1_Enable
                0x00001bfc       0x30 ./Generated_Code/TU1.o
                0x00001bfc                TU1_Enable
 .text.TU1_Interrupt
                0x00001c2c       0x5c ./Generated_Code/TU1.o
                0x00001c2c                TU1_Interrupt
 .text.TimerIntLdd1_Init
                0x00001c88       0x50 ./Generated_Code/TimerIntLdd1.o
                0x00001c88                TimerIntLdd1_Init
 .text.TimerIntLdd1_Enable
                0x00001cd8       0x30 ./Generated_Code/TimerIntLdd1.o
                0x00001cd8                TimerIntLdd1_Enable
 .text.TU1_OnCounterRestart
                0x00001d08       0x24 ./Generated_Code/TimerIntLdd1.o
                0x00001d08                TU1_OnCounterRestart
 .text.exit     0x00001d2c       0x2c d:/freescale/kds_3.0.0/toolchain/bin/../lib/gcc/arm-none-eabi/4.8.4/../../../../arm-none-eabi/lib/armv6-m\libg_s.a(lib_a-exit.o)
                0x00001d2c                exit
 .text.__libc_init_array
                0x00001d58       0x4c d:/freescale/kds_3.0.0/toolchain/bin/../lib/gcc/arm-none-eabi/4.8.4/../../../../arm-none-eabi/lib/armv6-m\libg_s.a(lib_a-init.o)
                0x00001d58                __libc_init_array
 .text.memcpy   0x00001da4       0x12 d:/freescale/kds_3.0.0/toolchain/bin/../lib/gcc/arm-none-eabi/4.8.4/../../../../arm-none-eabi/lib/armv6-m\libg_s.a(lib_a-memcpy-stub.o)
                0x00001da4                memcpy
 .text.memset   0x00001db6       0x10 d:/freescale/kds_3.0.0/toolchain/bin/../lib/gcc/arm-none-eabi/4.8.4/../../../../arm-none-eabi/lib/armv6-m\libg_s.a(lib_a-memset.o)
                0x00001db6                memset
 *fill*         0x00001dc6        0x2 
 .text._exit    0x00001dc8        0x4 d:/freescale/kds_3.0.0/toolchain/bin/../lib/gcc/arm-none-eabi/4.8.4/../../../../arm-none-eabi/lib/armv6-m\libnosys.a(_exit.o)
                0x00001dc8                _exit
 *(.rodata)
 .rodata        0x00001dcc       0x40 d:/freescale/kds_3.0.0/toolchain/bin/../lib/gcc/arm-none-eabi/4.8.4/armv6-m\libgcc.a(mulsf3.o)
 *(.rodata*)
 .rodata.ClockGenModeMatrix
                0x00001e0c       0x48 ./Static_Code/System/CPU_Init.o
 .rodata.CPU_ClockConfigDescriptors
                0x00001e54       0x10 ./Static_Code/System/CPU_Init.o
 .rodata.CPU_DefaultFEI
                0x00001e64        0x8 ./Static_Code/System/CPU_Init.o
 .rodata.CPU_DefaultFBI
                0x00001e6c        0x8 ./Static_Code/System/CPU_Init.o
 .rodata.CPU_DefaultFBILP
                0x00001e74        0x8 ./Static_Code/System/CPU_Init.o
 .rodata.CPU_DefaultFEE
                0x00001e7c        0x8 ./Static_Code/System/CPU_Init.o
 .rodata.CPU_DefaultFBE
                0x00001e84        0x8 ./Static_Code/System/CPU_Init.o
 .rodata.CPU_DefaultFBELP
                0x00001e8c        0x8 ./Static_Code/System/CPU_Init.o
 .rodata.CPU_ClockGenModeRegs
                0x00001e94       0x18 ./Static_Code/System/CPU_Init.o
 .rodata.CPU_SetClockConfigGenMode
                0x00001eac       0x30 ./Static_Code/System/CPU_Init.o
 .rodata.str1.1
                0x00001edc        0x2 d:/freescale/kds_3.0.0/toolchain/bin/../lib/gcc/arm-none-eabi/4.8.4/../../../../arm-none-eabi/lib/armv6-m\libg_s.a(lib_a-impure.o)
 *fill*         0x00001ede        0x2 
 .rodata._global_impure_ptr
                0x00001ee0        0x4 d:/freescale/kds_3.0.0/toolchain/bin/../lib/gcc/arm-none-eabi/4.8.4/../../../../arm-none-eabi/lib/armv6-m\libg_s.a(lib_a-impure.o)
                0x00001ee0                _global_impure_ptr
 *(.glue_7)
 .glue_7        0x00000000        0x0 linker stubs
 *(.glue_7t)
 .glue_7t       0x00000000        0x0 linker stubs
 *(.eh_frame)
 .eh_frame      0x00001ee4        0x0 d:/freescale/kds_3.0.0/toolchain/bin/../lib/gcc/arm-none-eabi/4.8.4/armv6-m/crtbegin.o
 *(.init)
 .init          0x00001ee4        0x4 d:/freescale/kds_3.0.0/toolchain/bin/../lib/gcc/arm-none-eabi/4.8.4/armv6-m/crti.o
                0x00001ee4                _init
 .init          0x00001ee8        0x8 d:/freescale/kds_3.0.0/toolchain/bin/../lib/gcc/arm-none-eabi/4.8.4/armv6-m/crtn.o
 *(.fini)
 .fini          0x00001ef0        0x4 d:/freescale/kds_3.0.0/toolchain/bin/../lib/gcc/arm-none-eabi/4.8.4/armv6-m/crti.o
                0x00001ef0                _fini
 .fini          0x00001ef4        0x8 d:/freescale/kds_3.0.0/toolchain/bin/../lib/gcc/arm-none-eabi/4.8.4/armv6-m/crtn.o
                0x00001efc                . = ALIGN (0x4)
                0x00001efc                _etext = .

.vfp11_veneer   0x00001efc        0x0
 .vfp11_veneer  0x00000000        0x0 linker stubs

.v4_bx          0x00001efc        0x0
 .v4_bx         0x00000000        0x0 linker stubs

.iplt           0x00001efc        0x0
 .iplt          0x00000000        0x0 d:/freescale/kds_3.0.0/toolchain/bin/../lib/gcc/arm-none-eabi/4.8.4/armv6-m/crtbegin.o

.ARM.extab
 *(.ARM.extab* .gnu.linkonce.armextab.*)

.ARM            0x00001efc        0x8
                0x00001efc                __exidx_start = .
 *(.ARM.exidx*)
 .ARM.exidx     0x00001efc        0x8 d:/freescale/kds_3.0.0/toolchain/bin/../lib/gcc/arm-none-eabi/4.8.4/../../../../arm-none-eabi/lib/armv6-m/crt0.o
                0x00001f04                __exidx_end = .

.rel.dyn        0x00001f04        0x0
 .rel.iplt      0x00000000        0x0 d:/freescale/kds_3.0.0/toolchain/bin/../lib/gcc/arm-none-eabi/4.8.4/armv6-m/crtbegin.o

.ctors          0x00001f04        0x0
                0x00001f04                __CTOR_LIST__ = .
 *crtbegin.o(.ctors)
 *(EXCLUDE_FILE(*crtend.o) .ctors)
 *(SORT(.ctors.*))
 *(.ctors)
                0x00001f04                __CTOR_END__ = .

.dtors          0x00001f04        0x0
                0x00001f04                __DTOR_LIST__ = .
 *crtbegin.o(.dtors)
 *(EXCLUDE_FILE(*crtend.o) .dtors)
 *(SORT(.dtors.*))
 *(.dtors)
                0x00001f04                __DTOR_END__ = .

.preinit_array  0x00001f04        0x0
                0x00001f04                PROVIDE (__preinit_array_start, .)
 *(.preinit_array*)
                0x00001f04                PROVIDE (__preinit_array_end, .)

.init_array     0x00001f04        0x4
                0x00001f04                PROVIDE (__init_array_start, .)
 *(SORT(.init_array.*))
 *(.init_array*)
 .init_array    0x00001f04        0x4 d:/freescale/kds_3.0.0/toolchain/bin/../lib/gcc/arm-none-eabi/4.8.4/armv6-m/crtbegin.o
                0x00001f08                PROVIDE (__init_array_end, .)

.fini_array     0x00001f08        0x4
                0x00001f08                PROVIDE (__fini_array_start, .)
 *(SORT(.fini_array.*))
 *(.fini_array*)
 .fini_array    0x00001f08        0x4 d:/freescale/kds_3.0.0/toolchain/bin/../lib/gcc/arm-none-eabi/4.8.4/armv6-m/crtbegin.o
                0x00001f0c                PROVIDE (__fini_array_end, .)
                0x00001f0c                ___ROM_AT = .

.mtb            0x1ffff000        0x0
                0x1ffff000                . = ALIGN (0x8)
                0x1ffff000                _mtb_start = .
 *(.mtb_buf)
                0x1ffff000                . = ALIGN (0x8)
                0x1ffff000                _mtb_end = .

.data           0x1ffff000       0x60 load address 0x00001f0c
                0x1ffff000                . = ALIGN (0x4)
                0x1ffff000                _sdata = .
 *(.data)
 *(.data*)
 .data.impure_data
                0x1ffff000       0x60 d:/freescale/kds_3.0.0/toolchain/bin/../lib/gcc/arm-none-eabi/4.8.4/../../../../arm-none-eabi/lib/armv6-m\libg_s.a(lib_a-impure.o)
                0x1ffff060                . = ALIGN (0x4)
                0x1ffff060                _edata = .
                0x00000060                ___data_size = (_edata - _sdata)

.jcr            0x1ffff060        0x0 load address 0x00001f6c
 .jcr           0x1ffff060        0x0 d:/freescale/kds_3.0.0/toolchain/bin/../lib/gcc/arm-none-eabi/4.8.4/armv6-m/crtbegin.o

.igot.plt       0x1ffff060        0x0 load address 0x00001f6c
 .igot.plt      0x00000000        0x0 d:/freescale/kds_3.0.0/toolchain/bin/../lib/gcc/arm-none-eabi/4.8.4/armv6-m/crtbegin.o
                0x1ffff060                . = ALIGN (0x4)

.bss            0x1ffff060      0x130 load address 0x00001f6c
                0x1ffff060                __START_BSS = .
                0x1ffff060                PROVIDE (__bss_start__, __START_BSS)
 *(.bss)
 .bss           0x1ffff060       0x1c d:/freescale/kds_3.0.0/toolchain/bin/../lib/gcc/arm-none-eabi/4.8.4/armv6-m/crtbegin.o
 *(.bss*)
 .bss.DeviceDataPrv__DEFAULT_RTOS_ALLOC
                0x1ffff07c        0x4 ./Generated_Code/BitIoLdd1.o
 .bss.DeviceDataPrv__DEFAULT_RTOS_ALLOC
                0x1ffff080        0x4 ./Generated_Code/BitIoLdd10.o
 .bss.DeviceDataPrv__DEFAULT_RTOS_ALLOC
                0x1ffff084        0x4 ./Generated_Code/BitIoLdd11.o
 .bss.DeviceDataPrv__DEFAULT_RTOS_ALLOC
                0x1ffff088        0x4 ./Generated_Code/BitIoLdd12.o
 .bss.DeviceDataPrv__DEFAULT_RTOS_ALLOC
                0x1ffff08c        0x4 ./Generated_Code/BitIoLdd13.o
 .bss.DeviceDataPrv__DEFAULT_RTOS_ALLOC
                0x1ffff090        0x4 ./Generated_Code/BitIoLdd2.o
 .bss.DeviceDataPrv__DEFAULT_RTOS_ALLOC
                0x1ffff094        0x4 ./Generated_Code/BitIoLdd3.o
 .bss.DeviceDataPrv__DEFAULT_RTOS_ALLOC
                0x1ffff098        0x4 ./Generated_Code/BitIoLdd4.o
 .bss.DeviceDataPrv__DEFAULT_RTOS_ALLOC
                0x1ffff09c        0x4 ./Generated_Code/BitIoLdd5.o
 .bss.DeviceDataPrv__DEFAULT_RTOS_ALLOC
                0x1ffff0a0        0x4 ./Generated_Code/BitIoLdd6.o
 .bss.DeviceDataPrv__DEFAULT_RTOS_ALLOC
                0x1ffff0a4        0x4 ./Generated_Code/BitIoLdd7.o
 .bss.DeviceDataPrv__DEFAULT_RTOS_ALLOC
                0x1ffff0a8        0x4 ./Generated_Code/BitIoLdd8.o
 .bss.DeviceDataPrv__DEFAULT_RTOS_ALLOC
                0x1ffff0ac        0x4 ./Generated_Code/BitIoLdd9.o
 .bss.PE_LDD_DeviceDataList
                0x1ffff0b0       0x40 ./Generated_Code/PE_LDD.o
                0x1ffff0b0                PE_LDD_DeviceDataList
 .bss.DeviceDataPrv__DEFAULT_RTOS_ALLOC
                0x1ffff0f0       0x10 ./Generated_Code/TU1.o
 .bss.INT_FTM2__DEFAULT_RTOS_ISRPARAM
                0x1ffff100        0x4 ./Generated_Code/TU1.o
 .bss.DeviceDataPrv__DEFAULT_RTOS_ALLOC
                0x1ffff104        0xc ./Generated_Code/TimerIntLdd1.o
 *(COMMON)
 COMMON         0x1ffff110       0x70 ./Sources/Events.o
                0x1ffff110                block_buffer_head
                0x1ffff111                block_buffer_tail
                0x1ffff114                current_block
                0x1ffff118                block_buffer
 COMMON         0x1ffff180       0x10 ./Sources/Planner.o
                0x1ffff180                position
                0x1ffff190                . = ALIGN (0x4)
                0x1ffff190                __END_BSS = .
                0x1ffff190                PROVIDE (__bss_end__, __END_BSS)
                0x00001f6c                _romp_at = (___ROM_AT + SIZEOF (.data))

.romp           0x1ffff190       0x18 load address 0x00001f6c
                0x00001f6c                __S_romp = _romp_at
                0x1ffff190        0x4 LONG 0x1f0c ___ROM_AT
                0x1ffff194        0x4 LONG 0x1ffff000 _sdata
                0x1ffff198        0x4 LONG 0x60 ___data_size
                0x1ffff19c        0x4 LONG 0x0
                0x1ffff1a0        0x4 LONG 0x0
                0x1ffff1a4        0x4 LONG 0x0

._user_heap_stack
                0x1ffff1a8      0x400 load address 0x00001f84
                0x1ffff1a8                . = ALIGN (0x4)
                0x1ffff1a8                PROVIDE (end, .)
                0x1ffff1a8                PROVIDE (_end, .)
                0x1ffff1a8                __heap_addr = .
                0x1ffff1a8                __HeapBase = .
                0x1ffff1a8                . = (. + __heap_size)
                0x1ffff1a8                __HeapLimit = .
                0x1ffff5a8                . = (. + __stack_size)
 *fill*         0x1ffff1a8      0x400 
                0x1ffff5a8                . = ALIGN (0x4)

.ARM.attributes
                0x00000000       0x28
 *(.ARM.attributes)
 .ARM.attributes
                0x00000000       0x1e d:/freescale/kds_3.0.0/toolchain/bin/../lib/gcc/arm-none-eabi/4.8.4/armv6-m/crti.o
 .ARM.attributes
                0x0000001e       0x2c d:/freescale/kds_3.0.0/toolchain/bin/../lib/gcc/arm-none-eabi/4.8.4/armv6-m/crtbegin.o
 .ARM.attributes
                0x0000004a       0x1b d:/freescale/kds_3.0.0/toolchain/bin/../lib/gcc/arm-none-eabi/4.8.4/../../../../arm-none-eabi/lib/armv6-m/crt0.o
 .ARM.attributes
                0x00000065       0x32 ./Static_Code/System/CPU_Init.o
 .ARM.attributes
                0x00000097       0x32 ./Static_Code/System/Vectors.o
 .ARM.attributes
                0x000000c9       0x32 ./Sources/Events.o
 .ARM.attributes
                0x000000fb       0x32 ./Sources/Planner.o
 .ARM.attributes
                0x0000012d       0x32 ./Sources/main.o
 .ARM.attributes
                0x0000015f       0x32 ./Project_Settings/Startup_Code/startup.o
 .ARM.attributes
                0x00000191       0x32 ./Generated_Code/BitIoLdd1.o
 .ARM.attributes
                0x000001c3       0x32 ./Generated_Code/BitIoLdd10.o
 .ARM.attributes
                0x000001f5       0x32 ./Generated_Code/BitIoLdd11.o
 .ARM.attributes
                0x00000227       0x32 ./Generated_Code/BitIoLdd12.o
 .ARM.attributes
                0x00000259       0x32 ./Generated_Code/BitIoLdd13.o
 .ARM.attributes
                0x0000028b       0x32 ./Generated_Code/BitIoLdd2.o
 .ARM.attributes
                0x000002bd       0x32 ./Generated_Code/BitIoLdd3.o
 .ARM.attributes
                0x000002ef       0x32 ./Generated_Code/BitIoLdd4.o
 .ARM.attributes
                0x00000321       0x32 ./Generated_Code/BitIoLdd5.o
 .ARM.attributes
                0x00000353       0x32 ./Generated_Code/BitIoLdd6.o
 .ARM.attributes
                0x00000385       0x32 ./Generated_Code/BitIoLdd7.o
 .ARM.attributes
                0x000003b7       0x32 ./Generated_Code/BitIoLdd8.o
 .ARM.attributes
                0x000003e9       0x32 ./Generated_Code/BitIoLdd9.o
 .ARM.attributes
                0x0000041b       0x32 ./Generated_Code/Cpu.o
 .ARM.attributes
                0x0000044d       0x32 ./Generated_Code/PE_LDD.o
 .ARM.attributes
                0x0000047f       0x32 ./Generated_Code/ST_PULSE_TI.o
 .ARM.attributes
                0x000004b1       0x32 ./Generated_Code/TU1.o
 .ARM.attributes
                0x000004e3       0x32 ./Generated_Code/TimerIntLdd1.o
 .ARM.attributes
                0x00000515       0x1e d:/freescale/kds_3.0.0/toolchain/bin/../lib/gcc/arm-none-eabi/4.8.4/armv6-m\libgcc.a(_udivsi3.o)
 .ARM.attributes
                0x00000533       0x1e d:/freescale/kds_3.0.0/toolchain/bin/../lib/gcc/arm-none-eabi/4.8.4/armv6-m\libgcc.a(_dvmd_tls.o)
 .ARM.attributes
                0x00000551       0x1e d:/freescale/kds_3.0.0/toolchain/bin/../lib/gcc/arm-none-eabi/4.8.4/armv6-m\libgcc.a(_arm_cmpsf2.o)
 .ARM.attributes
                0x0000056f       0x2c d:/freescale/kds_3.0.0/toolchain/bin/../lib/gcc/arm-none-eabi/4.8.4/armv6-m\libgcc.a(_fixunssfsi.o)
 .ARM.attributes
                0x0000059b       0x2c d:/freescale/kds_3.0.0/toolchain/bin/../lib/gcc/arm-none-eabi/4.8.4/armv6-m\libgcc.a(eqsf2.o)
 .ARM.attributes
                0x000005c7       0x2c d:/freescale/kds_3.0.0/toolchain/bin/../lib/gcc/arm-none-eabi/4.8.4/armv6-m\libgcc.a(gesf2.o)
 .ARM.attributes
                0x000005f3       0x2c d:/freescale/kds_3.0.0/toolchain/bin/../lib/gcc/arm-none-eabi/4.8.4/armv6-m\libgcc.a(lesf2.o)
 .ARM.attributes
                0x0000061f       0x2c d:/freescale/kds_3.0.0/toolchain/bin/../lib/gcc/arm-none-eabi/4.8.4/armv6-m\libgcc.a(mulsf3.o)
 .ARM.attributes
                0x0000064b       0x2c d:/freescale/kds_3.0.0/toolchain/bin/../lib/gcc/arm-none-eabi/4.8.4/armv6-m\libgcc.a(subsf3.o)
 .ARM.attributes
                0x00000677       0x2c d:/freescale/kds_3.0.0/toolchain/bin/../lib/gcc/arm-none-eabi/4.8.4/armv6-m\libgcc.a(fixsfsi.o)
 .ARM.attributes
                0x000006a3       0x2c d:/freescale/kds_3.0.0/toolchain/bin/../lib/gcc/arm-none-eabi/4.8.4/armv6-m\libgcc.a(floatsisf.o)
 .ARM.attributes
                0x000006cf       0x1e d:/freescale/kds_3.0.0/toolchain/bin/../lib/gcc/arm-none-eabi/4.8.4/armv6-m\libgcc.a(_clzsi2.o)
 .ARM.attributes
                0x000006ed       0x2c d:/freescale/kds_3.0.0/toolchain/bin/../lib/gcc/arm-none-eabi/4.8.4/../../../../arm-none-eabi/lib/armv6-m\libg_s.a(lib_a-exit.o)
 .ARM.attributes
                0x00000719       0x2c d:/freescale/kds_3.0.0/toolchain/bin/../lib/gcc/arm-none-eabi/4.8.4/../../../../arm-none-eabi/lib/armv6-m\libg_s.a(lib_a-impure.o)
 .ARM.attributes
                0x00000745       0x2c d:/freescale/kds_3.0.0/toolchain/bin/../lib/gcc/arm-none-eabi/4.8.4/../../../../arm-none-eabi/lib/armv6-m\libg_s.a(lib_a-init.o)
 .ARM.attributes
                0x00000771       0x2c d:/freescale/kds_3.0.0/toolchain/bin/../lib/gcc/arm-none-eabi/4.8.4/../../../../arm-none-eabi/lib/armv6-m\libg_s.a(lib_a-memcpy-stub.o)
 .ARM.attributes
                0x0000079d       0x2c d:/freescale/kds_3.0.0/toolchain/bin/../lib/gcc/arm-none-eabi/4.8.4/../../../../arm-none-eabi/lib/armv6-m\libg_s.a(lib_a-memset.o)
 .ARM.attributes
                0x000007c9       0x2c d:/freescale/kds_3.0.0/toolchain/bin/../lib/gcc/arm-none-eabi/4.8.4/../../../../arm-none-eabi/lib/armv6-m\libnosys.a(_exit.o)
 .ARM.attributes
                0x000007f5       0x1e d:/freescale/kds_3.0.0/toolchain/bin/../lib/gcc/arm-none-eabi/4.8.4/armv6-m/crtn.o
OUTPUT(Marlin_MKE.elf elf32-littlearm)

.debug_info     0x00000000     0x3ff1
 .debug_info    0x00000000      0x750 ./Static_Code/System/CPU_Init.o
 .debug_info    0x00000750      0x459 ./Static_Code/System/Vectors.o
 .debug_info    0x00000ba9      0x257 ./Sources/Events.o
 .debug_info    0x00000e00      0x251 ./Sources/Planner.o
 .debug_info    0x00001051      0x1d9 ./Sources/main.o
 .debug_info    0x0000122a      0x20a ./Project_Settings/Startup_Code/startup.o
 .debug_info    0x00001434      0x2a4 ./Generated_Code/BitIoLdd1.o
 .debug_info    0x000016d8      0x27e ./Generated_Code/BitIoLdd10.o
 .debug_info    0x00001956      0x27e ./Generated_Code/BitIoLdd11.o
 .debug_info    0x00001bd4      0x27e ./Generated_Code/BitIoLdd12.o
 .debug_info    0x00001e52      0x27e ./Generated_Code/BitIoLdd13.o
 .debug_info    0x000020d0      0x27e ./Generated_Code/BitIoLdd2.o
 .debug_info    0x0000234e      0x27e ./Generated_Code/BitIoLdd3.o
 .debug_info    0x000025cc      0x27e ./Generated_Code/BitIoLdd4.o
 .debug_info    0x0000284a      0x27e ./Generated_Code/BitIoLdd5.o
 .debug_info    0x00002ac8      0x27e ./Generated_Code/BitIoLdd6.o
 .debug_info    0x00002d46      0x27e ./Generated_Code/BitIoLdd7.o
 .debug_info    0x00002fc4      0x27e ./Generated_Code/BitIoLdd8.o
 .debug_info    0x00003242      0x27e ./Generated_Code/BitIoLdd9.o
 .debug_info    0x000034c0       0xa7 ./Generated_Code/Cpu.o
 .debug_info    0x00003567      0x251 ./Generated_Code/PE_LDD.o
 .debug_info    0x000037b8       0xb2 ./Generated_Code/ST_PULSE_TI.o
 .debug_info    0x0000386a      0x583 ./Generated_Code/TU1.o
 .debug_info    0x00003ded      0x204 ./Generated_Code/TimerIntLdd1.o

.debug_abbrev   0x00000000     0x1a03
 .debug_abbrev  0x00000000      0x1d5 ./Static_Code/System/CPU_Init.o
 .debug_abbrev  0x000001d5       0xd8 ./Static_Code/System/Vectors.o
 .debug_abbrev  0x000002ad      0x142 ./Sources/Events.o
 .debug_abbrev  0x000003ef      0x132 ./Sources/Planner.o
 .debug_abbrev  0x00000521       0xda ./Sources/main.o
 .debug_abbrev  0x000005fb      0x11e ./Project_Settings/Startup_Code/startup.o
 .debug_abbrev  0x00000719      0x147 ./Generated_Code/BitIoLdd1.o
 .debug_abbrev  0x00000860      0x11e ./Generated_Code/BitIoLdd10.o
 .debug_abbrev  0x0000097e      0x11e ./Generated_Code/BitIoLdd11.o
 .debug_abbrev  0x00000a9c      0x11e ./Generated_Code/BitIoLdd12.o
 .debug_abbrev  0x00000bba      0x11e ./Generated_Code/BitIoLdd13.o
 .debug_abbrev  0x00000cd8      0x11e ./Generated_Code/BitIoLdd2.o
 .debug_abbrev  0x00000df6      0x11e ./Generated_Code/BitIoLdd3.o
 .debug_abbrev  0x00000f14      0x11e ./Generated_Code/BitIoLdd4.o
 .debug_abbrev  0x00001032      0x11e ./Generated_Code/BitIoLdd5.o
 .debug_abbrev  0x00001150      0x11e ./Generated_Code/BitIoLdd6.o
 .debug_abbrev  0x0000126e      0x11e ./Generated_Code/BitIoLdd7.o
 .debug_abbrev  0x0000138c      0x11e ./Generated_Code/BitIoLdd8.o
 .debug_abbrev  0x000014aa      0x11e ./Generated_Code/BitIoLdd9.o
 .debug_abbrev  0x000015c8       0x45 ./Generated_Code/Cpu.o
 .debug_abbrev  0x0000160d      0x10d ./Generated_Code/PE_LDD.o
 .debug_abbrev  0x0000171a       0x68 ./Generated_Code/ST_PULSE_TI.o
 .debug_abbrev  0x00001782      0x1a4 ./Generated_Code/TU1.o
 .debug_abbrev  0x00001926       0xdd ./Generated_Code/TimerIntLdd1.o

.debug_aranges  0x00000000      0x6b8
 .debug_aranges
                0x00000000       0x38 ./Static_Code/System/CPU_Init.o
 .debug_aranges
                0x00000038      0x190 ./Static_Code/System/Vectors.o
 .debug_aranges
                0x000001c8       0x28 ./Sources/Events.o
 .debug_aranges
                0x000001f0       0x20 ./Sources/Planner.o
 .debug_aranges
                0x00000210       0x28 ./Sources/main.o
 .debug_aranges
                0x00000238       0x50 ./Project_Settings/Startup_Code/startup.o
 .debug_aranges
                0x00000288       0x48 ./Generated_Code/BitIoLdd1.o
 .debug_aranges
                0x000002d0       0x40 ./Generated_Code/BitIoLdd10.o
 .debug_aranges
                0x00000310       0x40 ./Generated_Code/BitIoLdd11.o
 .debug_aranges
                0x00000350       0x40 ./Generated_Code/BitIoLdd12.o
 .debug_aranges
                0x00000390       0x40 ./Generated_Code/BitIoLdd13.o
 .debug_aranges
                0x000003d0       0x40 ./Generated_Code/BitIoLdd2.o
 .debug_aranges
                0x00000410       0x40 ./Generated_Code/BitIoLdd3.o
 .debug_aranges
                0x00000450       0x40 ./Generated_Code/BitIoLdd4.o
 .debug_aranges
                0x00000490       0x40 ./Generated_Code/BitIoLdd5.o
 .debug_aranges
                0x000004d0       0x40 ./Generated_Code/BitIoLdd6.o
 .debug_aranges
                0x00000510       0x40 ./Generated_Code/BitIoLdd7.o
 .debug_aranges
                0x00000550       0x40 ./Generated_Code/BitIoLdd8.o
 .debug_aranges
                0x00000590       0x40 ./Generated_Code/BitIoLdd9.o
 .debug_aranges
                0x000005d0       0x28 ./Generated_Code/Cpu.o
 .debug_aranges
                0x000005f8       0x30 ./Generated_Code/PE_LDD.o
 .debug_aranges
                0x00000628       0x20 ./Generated_Code/ST_PULSE_TI.o
 .debug_aranges
                0x00000648       0x38 ./Generated_Code/TU1.o
 .debug_aranges
                0x00000680       0x38 ./Generated_Code/TimerIntLdd1.o

.debug_ranges   0x00000000      0x538
 .debug_ranges  0x00000000       0x28 ./Static_Code/System/CPU_Init.o
 .debug_ranges  0x00000028      0x180 ./Static_Code/System/Vectors.o
 .debug_ranges  0x000001a8       0x18 ./Sources/Events.o
 .debug_ranges  0x000001c0       0x10 ./Sources/Planner.o
 .debug_ranges  0x000001d0       0x18 ./Sources/main.o
 .debug_ranges  0x000001e8       0x40 ./Project_Settings/Startup_Code/startup.o
 .debug_ranges  0x00000228       0x38 ./Generated_Code/BitIoLdd1.o
 .debug_ranges  0x00000260       0x30 ./Generated_Code/BitIoLdd10.o
 .debug_ranges  0x00000290       0x30 ./Generated_Code/BitIoLdd11.o
 .debug_ranges  0x000002c0       0x30 ./Generated_Code/BitIoLdd12.o
 .debug_ranges  0x000002f0       0x30 ./Generated_Code/BitIoLdd13.o
 .debug_ranges  0x00000320       0x30 ./Generated_Code/BitIoLdd2.o
 .debug_ranges  0x00000350       0x30 ./Generated_Code/BitIoLdd3.o
 .debug_ranges  0x00000380       0x30 ./Generated_Code/BitIoLdd4.o
 .debug_ranges  0x000003b0       0x30 ./Generated_Code/BitIoLdd5.o
 .debug_ranges  0x000003e0       0x30 ./Generated_Code/BitIoLdd6.o
 .debug_ranges  0x00000410       0x30 ./Generated_Code/BitIoLdd7.o
 .debug_ranges  0x00000440       0x30 ./Generated_Code/BitIoLdd8.o
 .debug_ranges  0x00000470       0x30 ./Generated_Code/BitIoLdd9.o
 .debug_ranges  0x000004a0       0x18 ./Generated_Code/Cpu.o
 .debug_ranges  0x000004b8       0x20 ./Generated_Code/PE_LDD.o
 .debug_ranges  0x000004d8       0x10 ./Generated_Code/ST_PULSE_TI.o
 .debug_ranges  0x000004e8       0x28 ./Generated_Code/TU1.o
 .debug_ranges  0x00000510       0x28 ./Generated_Code/TimerIntLdd1.o

.debug_macro    0x00000000    0x176a1
 .debug_macro   0x00000000      0x306 ./Static_Code/System/CPU_Init.o
 .debug_macro   0x00000306      0x802 ./Static_Code/System/CPU_Init.o
 .debug_macro   0x00000b08       0x16 ./Static_Code/System/CPU_Init.o
 .debug_macro   0x00000b1e       0x44 ./Static_Code/System/CPU_Init.o
 .debug_macro   0x00000b62      0x209 ./Static_Code/System/CPU_Init.o
 .debug_macro   0x00000d6b     0x15f4 ./Static_Code/System/CPU_Init.o
 .debug_macro   0x0000235f     0x539e ./Static_Code/System/CPU_Init.o
 .debug_macro   0x000076fd      0x2d6 ./Static_Code/System/CPU_Init.o
 .debug_macro   0x000079d3      0x14e ./Static_Code/System/CPU_Init.o
 .debug_macro   0x00007b21       0x5e ./Static_Code/System/CPU_Init.o
 .debug_macro   0x00007b7f       0x94 ./Static_Code/System/CPU_Init.o
 .debug_macro   0x00007c13      0x6a0 ./Static_Code/System/CPU_Init.o
 .debug_macro   0x000082b3       0x58 ./Static_Code/System/CPU_Init.o
 .debug_macro   0x0000830b       0x35 ./Static_Code/System/CPU_Init.o
 .debug_macro   0x00008340       0xa3 ./Static_Code/System/CPU_Init.o
 .debug_macro   0x000083e3       0x16 ./Static_Code/System/CPU_Init.o
 .debug_macro   0x000083f9       0x5b ./Static_Code/System/CPU_Init.o
 .debug_macro   0x00008454       0x29 ./Static_Code/System/CPU_Init.o
 .debug_macro   0x0000847d       0x11 ./Static_Code/System/CPU_Init.o
 .debug_macro   0x0000848e      0x132 ./Static_Code/System/CPU_Init.o
 .debug_macro   0x000085c0       0x46 ./Static_Code/System/CPU_Init.o
 .debug_macro   0x00008606       0x26 ./Static_Code/System/CPU_Init.o
 .debug_macro   0x0000862c       0x46 ./Static_Code/System/CPU_Init.o
 .debug_macro   0x00008672       0x1f ./Static_Code/System/CPU_Init.o
 .debug_macro   0x00008691       0x46 ./Static_Code/System/CPU_Init.o
 .debug_macro   0x000086d7       0x1f ./Static_Code/System/CPU_Init.o
 .debug_macro   0x000086f6       0x46 ./Static_Code/System/CPU_Init.o
 .debug_macro   0x0000873c       0x1f ./Static_Code/System/CPU_Init.o
 .debug_macro   0x0000875b       0x46 ./Static_Code/System/CPU_Init.o
 .debug_macro   0x000087a1       0x1f ./Static_Code/System/CPU_Init.o
 .debug_macro   0x000087c0       0x46 ./Static_Code/System/CPU_Init.o
 .debug_macro   0x00008806       0x1f ./Static_Code/System/CPU_Init.o
 .debug_macro   0x00008825       0x46 ./Static_Code/System/CPU_Init.o
 .debug_macro   0x0000886b       0x1f ./Static_Code/System/CPU_Init.o
 .debug_macro   0x0000888a       0x46 ./Static_Code/System/CPU_Init.o
 .debug_macro   0x000088d0       0x1f ./Static_Code/System/CPU_Init.o
 .debug_macro   0x000088ef       0x46 ./Static_Code/System/CPU_Init.o
 .debug_macro   0x00008935       0x1f ./Static_Code/System/CPU_Init.o
 .debug_macro   0x00008954       0x46 ./Static_Code/System/CPU_Init.o
 .debug_macro   0x0000899a       0x1f ./Static_Code/System/CPU_Init.o
 .debug_macro   0x000089b9       0x46 ./Static_Code/System/CPU_Init.o
 .debug_macro   0x000089ff       0x1f ./Static_Code/System/CPU_Init.o
 .debug_macro   0x00008a1e       0x46 ./Static_Code/System/CPU_Init.o
 .debug_macro   0x00008a64       0x1f ./Static_Code/System/CPU_Init.o
 .debug_macro   0x00008a83      0x2d3 ./Static_Code/System/CPU_Init.o
 .debug_macro   0x00008d56       0x46 ./Static_Code/System/CPU_Init.o
 .debug_macro   0x00008d9c       0x1f ./Static_Code/System/CPU_Init.o
 .debug_macro   0x00008dbb      0x33f ./Static_Code/System/Vectors.o
 .debug_macro   0x000090fa      0x136 ./Static_Code/System/Vectors.o
 .debug_macro   0x00009230      0x440 ./Sources/Events.o
 .debug_macro   0x00009670      0x5cf ./Sources/Events.o
 .debug_macro   0x00009c3f      0x109 ./Sources/Events.o
 .debug_macro   0x00009d48      0x223 ./Sources/Events.o
 .debug_macro   0x00009f6b      0x299 ./Sources/Events.o
 .debug_macro   0x0000a204       0x65 ./Sources/Events.o
 .debug_macro   0x0000a269      0x20f ./Sources/Events.o
 .debug_macro   0x0000a478      0x13f ./Sources/Events.o
 .debug_macro   0x0000a5b7      0x63a ./Sources/Events.o
 .debug_macro   0x0000abf1     0x266f ./Sources/Events.o
 .debug_macro   0x0000d260       0xbb ./Sources/Events.o
 .debug_macro   0x0000d31b       0xe9 ./Sources/Events.o
 .debug_macro   0x0000d404      0x4ea ./Sources/Events.o
 .debug_macro   0x0000d8ee      0x13a ./Sources/Events.o
 .debug_macro   0x0000da28       0xb8 ./Sources/Events.o
 .debug_macro   0x0000dae0      0x179 ./Sources/Events.o
 .debug_macro   0x0000dc59      0x987 ./Sources/Events.o
 .debug_macro   0x0000e5e0      0x648 ./Sources/Events.o
 .debug_macro   0x0000ec28       0x86 ./Sources/Events.o
 .debug_macro   0x0000ecae      0x7b8 ./Sources/Events.o
 .debug_macro   0x0000f466      0x162 ./Sources/Events.o
 .debug_macro   0x0000f5c8       0x58 ./Sources/Events.o
 .debug_macro   0x0000f620       0x1c ./Sources/Events.o
 .debug_macro   0x0000f63c      0x166 ./Sources/Events.o
 .debug_macro   0x0000f7a2       0x52 ./Sources/Events.o
 .debug_macro   0x0000f7f4       0x16 ./Sources/Events.o
 .debug_macro   0x0000f80a       0x43 ./Sources/Events.o
 .debug_macro   0x0000f84d      0x180 ./Sources/Events.o
 .debug_macro   0x0000f9cd       0xde ./Sources/Events.o
 .debug_macro   0x0000faab       0x22 ./Sources/Events.o
 .debug_macro   0x0000facd      0x18d ./Sources/Planner.o
 .debug_macro   0x0000fc5a       0x22 ./Sources/Planner.o
 .debug_macro   0x0000fc7c      0x43c ./Sources/main.o
 .debug_macro   0x000100b8      0x121 ./Project_Settings/Startup_Code/startup.o
 .debug_macro   0x000101d9       0x4a ./Project_Settings/Startup_Code/startup.o
 .debug_macro   0x00010223      0x2a6 ./Project_Settings/Startup_Code/startup.o
 .debug_macro   0x000104c9       0x10 ./Project_Settings/Startup_Code/startup.o
 .debug_macro   0x000104d9       0x35 ./Project_Settings/Startup_Code/startup.o
 .debug_macro   0x0001050e       0x16 ./Project_Settings/Startup_Code/startup.o
 .debug_macro   0x00010524       0x22 ./Project_Settings/Startup_Code/startup.o
 .debug_macro   0x00010546       0x10 ./Project_Settings/Startup_Code/startup.o
 .debug_macro   0x00010556      0x20f ./Project_Settings/Startup_Code/startup.o
 .debug_macro   0x00010765     0x5392 ./Project_Settings/Startup_Code/startup.o
 .debug_macro   0x00015af7       0xfa ./Generated_Code/BitIoLdd1.o
 .debug_macro   0x00015bf1      0x12c ./Generated_Code/BitIoLdd1.o
 .debug_macro   0x00015d1d       0xfa ./Generated_Code/BitIoLdd10.o
 .debug_macro   0x00015e17       0x40 ./Generated_Code/BitIoLdd10.o
 .debug_macro   0x00015e57       0xfa ./Generated_Code/BitIoLdd11.o
 .debug_macro   0x00015f51       0x40 ./Generated_Code/BitIoLdd11.o
 .debug_macro   0x00015f91       0xfa ./Generated_Code/BitIoLdd12.o
 .debug_macro   0x0001608b       0x40 ./Generated_Code/BitIoLdd12.o
 .debug_macro   0x000160cb       0xfa ./Generated_Code/BitIoLdd13.o
 .debug_macro   0x000161c5       0x40 ./Generated_Code/BitIoLdd13.o
 .debug_macro   0x00016205       0xfa ./Generated_Code/BitIoLdd2.o
 .debug_macro   0x000162ff       0x40 ./Generated_Code/BitIoLdd2.o
 .debug_macro   0x0001633f       0xfa ./Generated_Code/BitIoLdd3.o
 .debug_macro   0x00016439       0x40 ./Generated_Code/BitIoLdd3.o
 .debug_macro   0x00016479       0xfa ./Generated_Code/BitIoLdd4.o
 .debug_macro   0x00016573       0x40 ./Generated_Code/BitIoLdd4.o
 .debug_macro   0x000165b3       0xfa ./Generated_Code/BitIoLdd5.o
 .debug_macro   0x000166ad       0x40 ./Generated_Code/BitIoLdd5.o
 .debug_macro   0x000166ed       0xfa ./Generated_Code/BitIoLdd6.o
 .debug_macro   0x000167e7       0x40 ./Generated_Code/BitIoLdd6.o
 .debug_macro   0x00016827       0xfa ./Generated_Code/BitIoLdd7.o
 .debug_macro   0x00016921       0x40 ./Generated_Code/BitIoLdd7.o
 .debug_macro   0x00016961       0xfa ./Generated_Code/BitIoLdd8.o
 .debug_macro   0x00016a5b       0x40 ./Generated_Code/BitIoLdd8.o
 .debug_macro   0x00016a9b       0xfa ./Generated_Code/BitIoLdd9.o
 .debug_macro   0x00016b95       0x40 ./Generated_Code/BitIoLdd9.o
 .debug_macro   0x00016bd5      0x308 ./Generated_Code/Cpu.o
 .debug_macro   0x00016edd      0x2a3 ./Generated_Code/PE_LDD.o
 .debug_macro   0x00017180      0x2f4 ./Generated_Code/ST_PULSE_TI.o
 .debug_macro   0x00017474      0x10f ./Generated_Code/TU1.o
 .debug_macro   0x00017583      0x11e ./Generated_Code/TimerIntLdd1.o

.debug_line     0x00000000     0x6c19
 .debug_line    0x00000000      0x63d ./Static_Code/System/CPU_Init.o
 .debug_line    0x0000063d      0x8b3 ./Static_Code/System/Vectors.o
 .debug_line    0x00000ef0      0x72a ./Sources/Events.o
 .debug_line    0x0000161a      0x3e1 ./Sources/Planner.o
 .debug_line    0x000019fb      0x71a ./Sources/main.o
 .debug_line    0x00002115      0x3cd ./Project_Settings/Startup_Code/startup.o
 .debug_line    0x000024e2      0x3b0 ./Generated_Code/BitIoLdd1.o
 .debug_line    0x00002892      0x3a0 ./Generated_Code/BitIoLdd10.o
 .debug_line    0x00002c32      0x3a0 ./Generated_Code/BitIoLdd11.o
 .debug_line    0x00002fd2      0x3a0 ./Generated_Code/BitIoLdd12.o
 .debug_line    0x00003372      0x3a0 ./Generated_Code/BitIoLdd13.o
 .debug_line    0x00003712      0x39e ./Generated_Code/BitIoLdd2.o
 .debug_line    0x00003ab0      0x39e ./Generated_Code/BitIoLdd3.o
 .debug_line    0x00003e4e      0x39e ./Generated_Code/BitIoLdd4.o
 .debug_line    0x000041ec      0x39e ./Generated_Code/BitIoLdd5.o
 .debug_line    0x0000458a      0x39e ./Generated_Code/BitIoLdd6.o
 .debug_line    0x00004928      0x39e ./Generated_Code/BitIoLdd7.o
 .debug_line    0x00004cc6      0x39e ./Generated_Code/BitIoLdd8.o
 .debug_line    0x00005064      0x39e ./Generated_Code/BitIoLdd9.o
 .debug_line    0x00005402      0x5ca ./Generated_Code/Cpu.o
 .debug_line    0x000059cc      0x570 ./Generated_Code/PE_LDD.o
 .debug_line    0x00005f3c      0x574 ./Generated_Code/ST_PULSE_TI.o
 .debug_line    0x000064b0      0x3b5 ./Generated_Code/TU1.o
 .debug_line    0x00006865      0x3b4 ./Generated_Code/TimerIntLdd1.o

.debug_str      0x00000000    0x8cfa2
 .debug_str     0x00000000    0x3516e ./Static_Code/System/CPU_Init.o
                              0x3556c (size before relaxing)
 .debug_str     0x0003516e      0xbf3 ./Static_Code/System/Vectors.o
                              0x35da8 (size before relaxing)
 .debug_str     0x00035d61    0x55396 ./Sources/Events.o
                              0x8a59e (size before relaxing)
 .debug_str     0x0008b0f7       0x4a ./Sources/Planner.o
                              0x31753 (size before relaxing)
 .debug_str     0x0008b141       0x33 ./Sources/main.o
                              0x8a477 (size before relaxing)
 .debug_str     0x0008b174     0x10dc ./Project_Settings/Startup_Code/startup.o
                              0x20e42 (size before relaxing)
 .debug_str     0x0008c250      0x142 ./Generated_Code/BitIoLdd1.o
                              0x277c1 (size before relaxing)
 .debug_str     0x0008c392       0xa8 ./Generated_Code/BitIoLdd10.o
                              0x277a9 (size before relaxing)
 .debug_str     0x0008c43a       0xa8 ./Generated_Code/BitIoLdd11.o
                              0x277a9 (size before relaxing)
 .debug_str     0x0008c4e2       0xa8 ./Generated_Code/BitIoLdd12.o
                              0x277a3 (size before relaxing)
 .debug_str     0x0008c58a       0xa8 ./Generated_Code/BitIoLdd13.o
                              0x277a5 (size before relaxing)
 .debug_str     0x0008c632       0xa0 ./Generated_Code/BitIoLdd2.o
                              0x2778f (size before relaxing)
 .debug_str     0x0008c6d2       0xa0 ./Generated_Code/BitIoLdd3.o
                              0x2778f (size before relaxing)
 .debug_str     0x0008c772       0xa0 ./Generated_Code/BitIoLdd4.o
                              0x27795 (size before relaxing)
 .debug_str     0x0008c812       0xa0 ./Generated_Code/BitIoLdd5.o
                              0x27795 (size before relaxing)
 .debug_str     0x0008c8b2       0xa0 ./Generated_Code/BitIoLdd6.o
                              0x27795 (size before relaxing)
 .debug_str     0x0008c952       0xa0 ./Generated_Code/BitIoLdd7.o
                              0x27791 (size before relaxing)
 .debug_str     0x0008c9f2       0xa0 ./Generated_Code/BitIoLdd8.o
                              0x27791 (size before relaxing)
 .debug_str     0x0008ca92       0xa0 ./Generated_Code/BitIoLdd9.o
                              0x27791 (size before relaxing)
 .debug_str     0x0008cb32       0x28 ./Generated_Code/Cpu.o
                              0x35192 (size before relaxing)
 .debug_str     0x0008cb5a      0x166 ./Generated_Code/PE_LDD.o
                              0x3532b (size before relaxing)
 .debug_str     0x0008ccc0       0x39 ./Generated_Code/ST_PULSE_TI.o
                              0x351a8 (size before relaxing)
 .debug_str     0x0008ccf9      0x1c2 ./Generated_Code/TU1.o
                              0x2fe58 (size before relaxing)
 .debug_str     0x0008cebb       0xe7 ./Generated_Code/TimerIntLdd1.o
                              0x2fd62 (size before relaxing)

.comment        0x00000000       0x70
 .comment       0x00000000       0x70 ./Static_Code/System/CPU_Init.o
                                 0x71 (size before relaxing)
 .comment       0x00000000       0x71 ./Static_Code/System/Vectors.o
 .comment       0x00000000       0x71 ./Sources/Events.o
 .comment       0x00000000       0x71 ./Sources/Planner.o
 .comment       0x00000000       0x71 ./Sources/main.o
 .comment       0x00000000       0x71 ./Project_Settings/Startup_Code/startup.o
 .comment       0x00000000       0x71 ./Generated_Code/BitIoLdd1.o
 .comment       0x00000000       0x71 ./Generated_Code/BitIoLdd10.o
 .comment       0x00000000       0x71 ./Generated_Code/BitIoLdd11.o
 .comment       0x00000000       0x71 ./Generated_Code/BitIoLdd12.o
 .comment       0x00000000       0x71 ./Generated_Code/BitIoLdd13.o
 .comment       0x00000000       0x71 ./Generated_Code/BitIoLdd2.o
 .comment       0x00000000       0x71 ./Generated_Code/BitIoLdd3.o
 .comment       0x00000000       0x71 ./Generated_Code/BitIoLdd4.o
 .comment       0x00000000       0x71 ./Generated_Code/BitIoLdd5.o
 .comment       0x00000000       0x71 ./Generated_Code/BitIoLdd6.o
 .comment       0x00000000       0x71 ./Generated_Code/BitIoLdd7.o
 .comment       0x00000000       0x71 ./Generated_Code/BitIoLdd8.o
 .comment       0x00000000       0x71 ./Generated_Code/BitIoLdd9.o
 .comment       0x00000000       0x71 ./Generated_Code/Cpu.o
 .comment       0x00000000       0x71 ./Generated_Code/PE_LDD.o
 .comment       0x00000000       0x71 ./Generated_Code/ST_PULSE_TI.o
 .comment       0x00000000       0x71 ./Generated_Code/TU1.o
 .comment       0x00000000       0x71 ./Generated_Code/TimerIntLdd1.o

.debug_frame    0x00000000     0x14a8
 .debug_frame   0x00000000       0x84 ./Static_Code/System/CPU_Init.o
 .debug_frame   0x00000084      0x534 ./Static_Code/System/Vectors.o
 .debug_frame   0x000005b8       0x4c ./Sources/Events.o
 .debug_frame   0x00000604       0x30 ./Sources/Planner.o
 .debug_frame   0x00000634       0x48 ./Sources/main.o
 .debug_frame   0x0000067c       0xd0 ./Project_Settings/Startup_Code/startup.o
 .debug_frame   0x0000074c       0xd0 ./Generated_Code/BitIoLdd1.o
 .debug_frame   0x0000081c       0xb0 ./Generated_Code/BitIoLdd10.o
 .debug_frame   0x000008cc       0xb0 ./Generated_Code/BitIoLdd11.o
 .debug_frame   0x0000097c       0xb0 ./Generated_Code/BitIoLdd12.o
 .debug_frame   0x00000a2c       0xb0 ./Generated_Code/BitIoLdd13.o
 .debug_frame   0x00000adc       0xb0 ./Generated_Code/BitIoLdd2.o
 .debug_frame   0x00000b8c       0xb0 ./Generated_Code/BitIoLdd3.o
 .debug_frame   0x00000c3c       0xb0 ./Generated_Code/BitIoLdd4.o
 .debug_frame   0x00000cec       0xb0 ./Generated_Code/BitIoLdd5.o
 .debug_frame   0x00000d9c       0xb0 ./Generated_Code/BitIoLdd6.o
 .debug_frame   0x00000e4c       0xb0 ./Generated_Code/BitIoLdd7.o
 .debug_frame   0x00000efc       0xb0 ./Generated_Code/BitIoLdd8.o
 .debug_frame   0x00000fac       0xb0 ./Generated_Code/BitIoLdd9.o
 .debug_frame   0x0000105c       0x48 ./Generated_Code/Cpu.o
 .debug_frame   0x000010a4       0x6c ./Generated_Code/PE_LDD.o
 .debug_frame   0x00001110       0x30 ./Generated_Code/ST_PULSE_TI.o
 .debug_frame   0x00001140       0x90 ./Generated_Code/TU1.o
 .debug_frame   0x000011d0       0x90 ./Generated_Code/TimerIntLdd1.o
 .debug_frame   0x00001260       0x20 d:/freescale/kds_3.0.0/toolchain/bin/../lib/gcc/arm-none-eabi/4.8.4/armv6-m\libgcc.a(_udivsi3.o)
 .debug_frame   0x00001280       0x28 d:/freescale/kds_3.0.0/toolchain/bin/../lib/gcc/arm-none-eabi/4.8.4/armv6-m\libgcc.a(_fixunssfsi.o)
 .debug_frame   0x000012a8       0x2c d:/freescale/kds_3.0.0/toolchain/bin/../lib/gcc/arm-none-eabi/4.8.4/armv6-m\libgcc.a(eqsf2.o)
 .debug_frame   0x000012d4       0x30 d:/freescale/kds_3.0.0/toolchain/bin/../lib/gcc/arm-none-eabi/4.8.4/armv6-m\libgcc.a(gesf2.o)
 .debug_frame   0x00001304       0x30 d:/freescale/kds_3.0.0/toolchain/bin/../lib/gcc/arm-none-eabi/4.8.4/armv6-m\libgcc.a(lesf2.o)
 .debug_frame   0x00001334       0x3c d:/freescale/kds_3.0.0/toolchain/bin/../lib/gcc/arm-none-eabi/4.8.4/armv6-m\libgcc.a(mulsf3.o)
 .debug_frame   0x00001370       0x30 d:/freescale/kds_3.0.0/toolchain/bin/../lib/gcc/arm-none-eabi/4.8.4/armv6-m\libgcc.a(subsf3.o)
 .debug_frame   0x000013a0       0x20 d:/freescale/kds_3.0.0/toolchain/bin/../lib/gcc/arm-none-eabi/4.8.4/armv6-m\libgcc.a(fixsfsi.o)
 .debug_frame   0x000013c0       0x2c d:/freescale/kds_3.0.0/toolchain/bin/../lib/gcc/arm-none-eabi/4.8.4/armv6-m\libgcc.a(floatsisf.o)
 .debug_frame   0x000013ec       0x28 d:/freescale/kds_3.0.0/toolchain/bin/../lib/gcc/arm-none-eabi/4.8.4/../../../../arm-none-eabi/lib/armv6-m\libg_s.a(lib_a-exit.o)
 .debug_frame   0x00001414       0x2c d:/freescale/kds_3.0.0/toolchain/bin/../lib/gcc/arm-none-eabi/4.8.4/../../../../arm-none-eabi/lib/armv6-m\libg_s.a(lib_a-init.o)
 .debug_frame   0x00001440       0x28 d:/freescale/kds_3.0.0/toolchain/bin/../lib/gcc/arm-none-eabi/4.8.4/../../../../arm-none-eabi/lib/armv6-m\libg_s.a(lib_a-memcpy-stub.o)
 .debug_frame   0x00001468       0x20 d:/freescale/kds_3.0.0/toolchain/bin/../lib/gcc/arm-none-eabi/4.8.4/../../../../arm-none-eabi/lib/armv6-m\libg_s.a(lib_a-memset.o)
 .debug_frame   0x00001488       0x20 d:/freescale/kds_3.0.0/toolchain/bin/../lib/gcc/arm-none-eabi/4.8.4/../../../../arm-none-eabi/lib/armv6-m\libnosys.a(_exit.o)
